// Jest Snapshot v1, https://goo.gl/fbAQLP

exports[`Modal should render correctly 1`] = `
<DocumentFragment>
  <div
    class="modal"
  >
    <div
      class="modal-content"
    />
  </div>
</DocumentFragment>
`;
